// Jest Snapshot v1, https://goo.gl/fbAQLP

exports[`Pruebas en <PrimeraApp/> Debe de mostrar <PrimeraApp /> correctamente 1`] = `
<Fragment>
  <h1>
    Hola! Soy Nanomixer ðŸ˜Ž
    !!!
  </h1>
  <p>
    Esto es un subtitulo por defecto
  </p>
</Fragment>
`;
